value = 123
# MANUAL(snippet1)
hello world
# ENDMANUAL(snippet1)
# MANUAL(snippet2)
goodbye
# ENDMANUAL(snippet2)
value2 = 456
