# MANUAL(snippet1)
hello world
# ENDMANUAL(snippet1)
value2 = 456
