class CreateResponse(ResponseBase):
  user_id: str
  user: User
  email_id: str
  phone_id: str
  status: str
